// Jest Snapshot v1, https://goo.gl/fbAQLP

exports[`<App /> should render and match the snapshot 1`] = `
<React.Fragment>
  <Wrapper />
  <BrowserRouter>
    <Helmet
      defaultTitle="WeJammin"
      defer={true}
      encodeSpecialCharacters={true}
      htmlAttributes={
        Object {
          "lang": undefined,
        }
      }
      prioritizeSeoTags={false}
      titleTemplate="%s - WeJammin"
    >
      <meta
        content="WeJammin"
        name="description"
      />
    </Helmet>
    <Switch>
      <Route
        exact={true}
        path="/"
        render={[Function]}
      />
      <Route
        component={[Function]}
        exact={true}
        path="/home"
      />
      <Route
        component={[Function]}
        exact={true}
        path="/faqs"
      />
    </Switch>
    <Memo(l) />
  </BrowserRouter>
</React.Fragment>
`;
